Archive member included to satisfy reference by file (symbol)

C:/ST/STM32CubeIDE_2.0.0/STM32CubeIDE/plugins/com.st.stm32cube.ide.mcu.externaltools.gnu-tools-for-stm32.14.3.rel1.win32_1.0.100.202602081740/tools/bin/../lib/gcc/arm-none-eabi/14.3.1/../../../../arm-none-eabi/lib/thumb/v7e-m+fp/hard\libc_nano.a(libc_a-exit.o)
                              C:/ST/STM32CubeIDE_2.0.0/STM32CubeIDE/plugins/com.st.stm32cube.ide.mcu.externaltools.gnu-tools-for-stm32.14.3.rel1.win32_1.0.100.202602081740/tools/bin/../lib/gcc/arm-none-eabi/14.3.1/../../../../arm-none-eabi/lib/thumb/v7e-m+fp/hard/crt0.o (exit)
C:/ST/STM32CubeIDE_2.0.0/STM32CubeIDE/plugins/com.st.stm32cube.ide.mcu.externaltools.gnu-tools-for-stm32.14.3.rel1.win32_1.0.100.202602081740/tools/bin/../lib/gcc/arm-none-eabi/14.3.1/../../../../arm-none-eabi/lib/thumb/v7e-m+fp/hard\libc_nano.a(libc_a-findfp.o)
                              C:/ST/STM32CubeIDE_2.0.0/STM32CubeIDE/plugins/com.st.stm32cube.ide.mcu.externaltools.gnu-tools-for-stm32.14.3.rel1.win32_1.0.100.202602081740/tools/bin/../lib/gcc/arm-none-eabi/14.3.1/../../../../arm-none-eabi/lib/thumb/v7e-m+fp/hard\libc_nano.a(libc_a-exit.o) (__stdio_exit_handler)
C:/ST/STM32CubeIDE_2.0.0/STM32CubeIDE/plugins/com.st.stm32cube.ide.mcu.externaltools.gnu-tools-for-stm32.14.3.rel1.win32_1.0.100.202602081740/tools/bin/../lib/gcc/arm-none-eabi/14.3.1/../../../../arm-none-eabi/lib/thumb/v7e-m+fp/hard\libc_nano.a(libc_a-fwalk.o)
                              C:/ST/STM32CubeIDE_2.0.0/STM32CubeIDE/plugins/com.st.stm32cube.ide.mcu.externaltools.gnu-tools-for-stm32.14.3.rel1.win32_1.0.100.202602081740/tools/bin/../lib/gcc/arm-none-eabi/14.3.1/../../../../arm-none-eabi/lib/thumb/v7e-m+fp/hard\libc_nano.a(libc_a-findfp.o) (_fwalk_sglue)
C:/ST/STM32CubeIDE_2.0.0/STM32CubeIDE/plugins/com.st.stm32cube.ide.mcu.externaltools.gnu-tools-for-stm32.14.3.rel1.win32_1.0.100.202602081740/tools/bin/../lib/gcc/arm-none-eabi/14.3.1/../../../../arm-none-eabi/lib/thumb/v7e-m+fp/hard\libc_nano.a(libc_a-stdio.o)
                              C:/ST/STM32CubeIDE_2.0.0/STM32CubeIDE/plugins/com.st.stm32cube.ide.mcu.externaltools.gnu-tools-for-stm32.14.3.rel1.win32_1.0.100.202602081740/tools/bin/../lib/gcc/arm-none-eabi/14.3.1/../../../../arm-none-eabi/lib/thumb/v7e-m+fp/hard\libc_nano.a(libc_a-findfp.o) (__sread)
C:/ST/STM32CubeIDE_2.0.0/STM32CubeIDE/plugins/com.st.stm32cube.ide.mcu.externaltools.gnu-tools-for-stm32.14.3.rel1.win32_1.0.100.202602081740/tools/bin/../lib/gcc/arm-none-eabi/14.3.1/../../../../arm-none-eabi/lib/thumb/v7e-m+fp/hard\libc_nano.a(libc_a-memset.o)
                              C:/ST/STM32CubeIDE_2.0.0/STM32CubeIDE/plugins/com.st.stm32cube.ide.mcu.externaltools.gnu-tools-for-stm32.14.3.rel1.win32_1.0.100.202602081740/tools/bin/../lib/gcc/arm-none-eabi/14.3.1/../../../../arm-none-eabi/lib/thumb/v7e-m+fp/hard/crt0.o (memset)
C:/ST/STM32CubeIDE_2.0.0/STM32CubeIDE/plugins/com.st.stm32cube.ide.mcu.externaltools.gnu-tools-for-stm32.14.3.rel1.win32_1.0.100.202602081740/tools/bin/../lib/gcc/arm-none-eabi/14.3.1/../../../../arm-none-eabi/lib/thumb/v7e-m+fp/hard\libc_nano.a(libc_a-closer.o)
                              C:/ST/STM32CubeIDE_2.0.0/STM32CubeIDE/plugins/com.st.stm32cube.ide.mcu.externaltools.gnu-tools-for-stm32.14.3.rel1.win32_1.0.100.202602081740/tools/bin/../lib/gcc/arm-none-eabi/14.3.1/../../../../arm-none-eabi/lib/thumb/v7e-m+fp/hard\libc_nano.a(libc_a-stdio.o) (_close_r)
C:/ST/STM32CubeIDE_2.0.0/STM32CubeIDE/plugins/com.st.stm32cube.ide.mcu.externaltools.gnu-tools-for-stm32.14.3.rel1.win32_1.0.100.202602081740/tools/bin/../lib/gcc/arm-none-eabi/14.3.1/../../../../arm-none-eabi/lib/thumb/v7e-m+fp/hard\libc_nano.a(libc_a-reent.o)
                              C:/ST/STM32CubeIDE_2.0.0/STM32CubeIDE/plugins/com.st.stm32cube.ide.mcu.externaltools.gnu-tools-for-stm32.14.3.rel1.win32_1.0.100.202602081740/tools/bin/../lib/gcc/arm-none-eabi/14.3.1/../../../../arm-none-eabi/lib/thumb/v7e-m+fp/hard\libc_nano.a(libc_a-closer.o) (errno)
C:/ST/STM32CubeIDE_2.0.0/STM32CubeIDE/plugins/com.st.stm32cube.ide.mcu.externaltools.gnu-tools-for-stm32.14.3.rel1.win32_1.0.100.202602081740/tools/bin/../lib/gcc/arm-none-eabi/14.3.1/../../../../arm-none-eabi/lib/thumb/v7e-m+fp/hard\libc_nano.a(libc_a-impure.o)
                              C:/ST/STM32CubeIDE_2.0.0/STM32CubeIDE/plugins/com.st.stm32cube.ide.mcu.externaltools.gnu-tools-for-stm32.14.3.rel1.win32_1.0.100.202602081740/tools/bin/../lib/gcc/arm-none-eabi/14.3.1/../../../../arm-none-eabi/lib/thumb/v7e-m+fp/hard\libc_nano.a(libc_a-reent.o) (_impure_ptr)
C:/ST/STM32CubeIDE_2.0.0/STM32CubeIDE/plugins/com.st.stm32cube.ide.mcu.externaltools.gnu-tools-for-stm32.14.3.rel1.win32_1.0.100.202602081740/tools/bin/../lib/gcc/arm-none-eabi/14.3.1/../../../../arm-none-eabi/lib/thumb/v7e-m+fp/hard\libc_nano.a(libc_a-lseekr.o)
[...]
Memory Configuration

Name             Origin             Length             Attributes
RAM              0x20000000         0x00018000         xrw
FLASH            0x08000000         0x00080000         xr
*default*        0x00000000         0xffffffff

Linker script and memory map

LOAD C:/ST/STM32CubeIDE_2.0.0/STM32CubeIDE/plugins/com.st.stm32cube.ide.mcu.externaltools.gnu-tools-for-stm32.14.3.rel1.win32_1.0.100.202602081740/tools/bin/../lib/gcc/arm-none-eabi/14.3.1/thumb/v7e-m+fp/hard/crti.o
LOAD C:/ST/STM32CubeIDE_2.0.0/STM32CubeIDE/plugins/com.st.stm32cube.ide.mcu.externaltools.gnu-tools-for-stm32.14.3.rel1.win32_1.0.100.202602081740/tools/bin/../lib/gcc/arm-none-eabi/14.3.1/thumb/v7e-m+fp/hard/crtbegin.o
LOAD C:/ST/STM32CubeIDE_2.0.0/STM32CubeIDE/plugins/com.st.stm32cube.ide.mcu.externaltools.gnu-tools-for-stm32.14.3.rel1.win32_1.0.100.202602081740/tools/bin/../lib/gcc/arm-none-eabi/14.3.1/../../../../arm-none-eabi/lib/thumb/v7e-m+fp/hard/crt0.o
LOAD ./FreeRTOS/croutine.o
LOAD ./FreeRTOS/event_groups.o
LOAD ./FreeRTOS/list.o
LOAD ./FreeRTOS/queue.o
LOAD ./FreeRTOS/stream_buffer.o
LOAD ./FreeRTOS/tasks.o
LOAD ./FreeRTOS/timers.o
LOAD ./FreeRTOS/portable/heap_4.o
LOAD ./FreeRTOS/portable/port.o
LOAD ./Src/fpu_init.o
LOAD ./Src/hcsr04.o
LOAD ./Src/main.o
LOAD ./Src/syscalls.o
LOAD ./Src/sysmem.o
LOAD ./Startup/startup_stm32f401retx.o
START GROUP
LOAD C:/ST/STM32CubeIDE_2.0.0/STM32CubeIDE/plugins/com.st.stm32cube.ide.mcu.externaltools.gnu-tools-for-stm32.14.3.rel1.win32_1.0.100.202602081740/tools/bin/../lib/gcc/arm-none-eabi/14.3.1/../../../../arm-none-eabi/lib/thumb/v7e-m+fp/hard\libc_nano.a
LOAD C:/ST/STM32CubeIDE_2.0.0/STM32CubeIDE/plugins/com.st.stm32cube.ide.mcu.externaltools.gnu-tools-for-stm32.14.3.rel1.win32_1.0.100.202602081740/tools/bin/../lib/gcc/arm-none-eabi/14.3.1/../../../../arm-none-eabi/lib/thumb/v7e-m+fp/hard\libm.a
END GROUP
START GROUP
LOAD C:/ST/STM32CubeIDE_2.0.0/STM32CubeIDE/plugins/com.st.stm32cube.ide.mcu.externaltools.gnu-tools-for-stm32.14.3.rel1.win32_1.0.100.202602081740/tools/bin/../lib/gcc/arm-none-eabi/14.3.1/thumb/v7e-m+fp/hard\libgcc.a
LOAD C:/ST/STM32CubeIDE_2.0.0/STM32CubeIDE/plugins/com.st.stm32cube.ide.mcu.externaltools.gnu-tools-for-stm32.14.3.rel1.win32_1.0.100.202602081740/tools/bin/../lib/gcc/arm-none-eabi/14.3.1/../../../../arm-none-eabi/lib/thumb/v7e-m+fp/hard\libc_nano.a
END GROUP
START GROUP
LOAD C:/ST/STM32CubeIDE_2.0.0/STM32CubeIDE/plugins/com.st.stm32cube.ide.mcu.externaltools.gnu-tools-for-stm32.14.3.rel1.win32_1.0.100.202602081740/tools/bin/../lib/gcc/arm-none-eabi/14.3.1/thumb/v7e-m+fp/hard\libgcc.a
LOAD C:/ST/STM32CubeIDE_2.0.0/STM32CubeIDE/plugins/com.st.stm32cube.ide.mcu.externaltools.gnu-tools-for-stm32.14.3.rel1.win32_1.0.100.202602081740/tools/bin/../lib/gcc/arm-none-eabi/14.3.1/../../../../arm-none-eabi/lib/thumb/v7e-m+fp/hard\libc_nano.a
LOAD C:/ST/STM32CubeIDE_2.0.0/STM32CubeIDE/plugins/com.st.stm32cube.ide.mcu.externaltools.gnu-tools-for-stm32.14.3.rel1.win32_1.0.100.202602081740/tools/bin/../lib/gcc/arm-none-eabi/14.3.1/../../../../arm-none-eabi/lib/thumb/v7e-m+fp/hard\libnosys.a
END GROUP
START GROUP
LOAD C:/ST/STM32CubeIDE_2.0.0/STM32CubeIDE/plugins/com.st.stm32cube.ide.mcu.externaltools.gnu-tools-for-stm32.14.3.rel1.win32_1.0.100.202602081740/tools/bin/../lib/gcc/arm-none-eabi/14.3.1/thumb/v7e-m+fp/hard\libgcc.a
LOAD C:/ST/STM32CubeIDE_2.0.0/STM32CubeIDE/plugins/com.st.stm32cube.ide.mcu.externaltools.gnu-tools-for-stm32.14.3.rel1.win32_1.0.100.202602081740/tools/bin/../lib/gcc/arm-none-eabi/14.3.1/../../../../arm-none-eabi/lib/thumb/v7e-m+fp/hard\libc_nano.a
LOAD C:/ST/STM32CubeIDE_2.0.0/STM32CubeIDE/plugins/com.st.stm32cube.ide.mcu.externaltools.gnu-tools-for-stm32.14.3.rel1.win32_1.0.100.202602081740/tools/bin/../lib/gcc/arm-none-eabi/14.3.1/../../../../arm-none-eabi/lib/thumb/v7e-m+fp/hard\libnosys.a
END GROUP
LOAD C:/ST/STM32CubeIDE_2.0.0/STM32CubeIDE/plugins/com.st.stm32cube.ide.mcu.externaltools.gnu-tools-for-stm32.14.3.rel1.win32_1.0.100.202602081740/tools/bin/../lib/gcc/arm-none-eabi/14.3.1/thumb/v7e-m+fp/hard/crtend.o
LOAD C:/ST/STM32CubeIDE_2.0.0/STM32CubeIDE/plugins/com.st.stm32cube.ide.mcu.externaltools.gnu-tools-for-stm32.14.3.rel1.win32_1.0.100.202602081740/tools/bin/../lib/gcc/arm-none-eabi/14.3.1/thumb/v7e-m+fp/hard/crtn.o
                0x20018000                        _estack = (ORIGIN (RAM) + LENGTH (RAM))
                0x00000200                        _Min_Heap_Size = 0x200
                0x00000400                        _Min_Stack_Size = 0x400

.isr_vector     0x08000000      0x194
                0x08000000                        . = ALIGN (0x4)
 *(.isr_vector)
 .isr_vector    0x08000000      0x194 ./Startup/startup_stm32f401retx.o
                0x08000000                g_pfnVectors
                0x08000194                        . = ALIGN (0x4)

.text           0x08000194     0x2804
                0x08000194                        . = ALIGN (0x4)
 *(.text)
 .text          0x08000194       0x40 C:/ST/STM32CubeIDE_2.0.0/STM32CubeIDE/plugins/com.st.stm32cube.ide.mcu.externaltools.gnu-tools-for-stm32.14.3.rel1.win32_1.0.100.202602081740/tools/bin/../lib/gcc/arm-none-eabi/14.3.1/thumb/v7e-m+fp/hard/crtbegin.o
 *(.text*)
 .text.vListInitialise
                0x080001d4       0x40 ./FreeRTOS/list.o
                0x080001d4                vListInitialise
 .text.vListInitialiseItem
                0x08000214       0x1a ./FreeRTOS/list.o
                0x08000214                vListInitialiseItem
 .text.vListInsert
                0x0800022e       0x72 ./FreeRTOS/list.o
                0x0800022e                vListInsert
 .text.uxListRemove
                0x080002a0       0x54 ./FreeRTOS/list.o
                0x080002a0                uxListRemove
 .text.xQueueGenericReset
                0x080002f4       0xe8 ./FreeRTOS/queue.o
                0x080002f4                xQueueGenericReset
 .text.xQueueGenericCreate
                0x080003dc       0x7e ./FreeRTOS/queue.o
                0x080003dc                xQueueGenericCreate
 .text.prvInitialiseNewQueue
                0x0800045a       0x3e ./FreeRTOS/queue.o
 .text.xQueueGiveFromISR
                0x08000498       0xb8 ./FreeRTOS/queue.o
                0x08000498                xQueueGiveFromISR
 .text.xQueueReceive
                0x08000550      0x144 ./FreeRTOS/queue.o
                0x08000550                xQueueReceive
 .text.xQueueSemaphoreTake
                0x08000694      0x190 ./FreeRTOS/queue.o
                0x08000694                xQueueSemaphoreTake
 .text.prvGetHighestPriorityOfWaitToReceiveList
                0x08000824       0x30 ./FreeRTOS/queue.o
 .text.prvCopyDataFromQueue
                0x08000854       0x4c ./FreeRTOS/queue.o
 .text.prvUnlockQueue
                0x080008a0       0xa4 ./FreeRTOS/queue.o
 .text.prvIsQueueEmpty
                0x08000944       0x2c ./FreeRTOS/queue.o
 .text.vQueueAddToRegistry
                0x08000970       0x80 ./FreeRTOS/queue.o
                0x08000970                vQueueAddToRegistry
 .text.vQueueWaitForMessageRestricted
                0x080009f0       0x68 ./FreeRTOS/queue.o
                0x080009f0                vQueueWaitForMessageRestricted
 .text.prvCreateTask
                0x08000a58       0x78 ./FreeRTOS/tasks.o
 .text.xTaskCreate
                0x08000ad0       0x46 ./FreeRTOS/tasks.o
                0x08000ad0                xTaskCreate
 .text.prvInitialiseNewTask
                0x08000b16       0xe0 ./FreeRTOS/tasks.o
 *fill*         0x08000bf6        0x2 
 .text.prvAddNewTaskToReadyList
                0x08000bf8      0x12c ./FreeRTOS/tasks.o
 .text.vTaskDelay
                0x08000d24       0x48 ./FreeRTOS/tasks.o
                0x08000d24                vTaskDelay
 .text.prvCreateIdleTasks
                0x08000d6c       0xac ./FreeRTOS/tasks.o
 .text.vTaskStartScheduler
                0x08000e18       0x68 ./FreeRTOS/tasks.o
                0x08000e18                vTaskStartScheduler
 .text.vTaskSuspendAll
                0x08000e80       0x1c ./FreeRTOS/tasks.o
                0x08000e80                vTaskSuspendAll
 .text.xTaskResumeAll
                0x08000e9c      0x1f4 ./FreeRTOS/tasks.o
                0x08000e9c                xTaskResumeAll
 .text.xTaskGetTickCount
                0x08001090       0x20 ./FreeRTOS/tasks.o
                0x08001090                xTaskGetTickCount
 .text.uxTaskGetNumberOfTasks
                0x080010b0       0x18 ./FreeRTOS/tasks.o
                0x080010b0                uxTaskGetNumberOfTasks
 .text.xTaskIncrementTick
                0x080010c8      0x214 ./FreeRTOS/tasks.o
                0x080010c8                xTaskIncrementTick
 .text.vTaskSwitchContext
                0x080012dc       0xa0 ./FreeRTOS/tasks.o
                0x080012dc                vTaskSwitchContext
 .text.vTaskPlaceOnEventList
                0x0800137c       0x2c ./FreeRTOS/tasks.o
                0x0800137c                vTaskPlaceOnEventList
 .text.vTaskPlaceOnEventListRestricted
                0x080013a8       0x70 ./FreeRTOS/tasks.o
                0x080013a8                vTaskPlaceOnEventListRestricted
 .text.xTaskRemoveFromEventList
                0x08001418      0x198 ./FreeRTOS/tasks.o
                0x08001418                xTaskRemoveFromEventList
 .text.vTaskInternalSetTimeOutState
                0x080015b0       0x2c ./FreeRTOS/tasks.o
                0x080015b0                vTaskInternalSetTimeOutState
 .text.xTaskCheckForTimeOut
                0x080015dc       0x94 ./FreeRTOS/tasks.o
                0x080015dc                xTaskCheckForTimeOut
 .text.vTaskMissedYield
                0x08001670       0x18 ./FreeRTOS/tasks.o
                0x08001670                vTaskMissedYield
 .text.prvIdleTask
                0x08001688       0x30 ./FreeRTOS/tasks.o
 .text.prvInitialiseTaskLists
                0x080016b8       0x80 ./FreeRTOS/tasks.o
 .text.prvCheckTasksWaitingTermination
                0x08001738       0x5c ./FreeRTOS/tasks.o
 .text.prvDeleteTCB
                0x08001794       0x20 ./FreeRTOS/tasks.o
 .text.prvResetNextTaskUnblockTime
                0x080017b4       0x38 ./FreeRTOS/tasks.o
 .text.xTaskPriorityInherit
                0x080017ec      0x124 ./FreeRTOS/tasks.o
                0x080017ec                xTaskPriorityInherit
 .text.vTaskPriorityDisinheritAfterTimeout
                0x08001910      0x114 ./FreeRTOS/tasks.o
                0x08001910                vTaskPriorityDisinheritAfterTimeout
 .text.pvTaskIncrementMutexHeldCount
                0x08001a24       0x30 ./FreeRTOS/tasks.o
                0x08001a24                pvTaskIncrementMutexHeldCount
 .text.prvAddCurrentTaskToDelayedList
                0x08001a54       0xe0 ./FreeRTOS/tasks.o
 .text.xTimerCreateTimerTask
                0x08001b34       0x48 ./FreeRTOS/timers.o
                0x08001b34                xTimerCreateTimerTask
 .text.prvReloadTimer
                0x08001b7c       0x42 ./FreeRTOS/timers.o
 *fill*         0x08001bbe        0x2 
 .text.prvProcessExpiredTimer
                0x08001bc0       0x60 ./FreeRTOS/timers.o
 .text.prvTimerTask
                0x08001c20       0x26 ./FreeRTOS/timers.o
 *fill*         0x08001c46        0x2 
 .text.prvProcessTimerOrBlockTask
                0x08001c48       0x9c ./FreeRTOS/timers.o
 .text.prvGetNextExpireTime
                0x08001ce4       0x48 ./FreeRTOS/timers.o
 .text.prvSampleTimeNow
                0x08001d2c       0x40 ./FreeRTOS/timers.o
 .text.prvInsertTimerInActiveList
                0x08001d6c       0x84 ./FreeRTOS/timers.o
 .text.prvProcessReceivedCommands
                0x08001df0      0x170 ./FreeRTOS/timers.o
 .text.prvSwitchTimerLists
                0x08001f60       0x4c ./FreeRTOS/timers.o
 .text.prvCheckForValidListAndQueue
                0x08001fac       0x6c ./FreeRTOS/timers.o
 .text.pvPortMalloc
                0x08002018      0x164 ./FreeRTOS/portable/heap_4.o
                0x08002018                pvPortMalloc
 .text.vPortFree
                0x0800217c       0x74 ./FreeRTOS/portable/heap_4.o
                0x0800217c                vPortFree
 .text.prvHeapInit
                0x080021f0       0xb4 ./FreeRTOS/portable/heap_4.o
 .text.prvInsertBlockIntoFreeList
                0x080022a4       0xb4 ./FreeRTOS/portable/heap_4.o
 .text.pxPortInitialiseStack
                0x08002358       0x68 ./FreeRTOS/portable/port.o
                0x08002358                pxPortInitialiseStack
 .text.prvTaskExitError
                0x080023c0       0x34 ./FreeRTOS/portable/port.o
 .text.SVC_Handler
                0x080023f4       0x24 ./FreeRTOS/portable/port.o
                0x080023f4                SVC_Handler
 .text.prvPortStartFirstTask
                0x08002418       0x2c ./FreeRTOS/portable/port.o
 .text.xPortStartScheduler
                0x08002444       0x70 ./FreeRTOS/portable/port.o
                0x08002444                xPortStartScheduler
 .text.vPortEnterCritical
                0x080024b4       0x34 ./FreeRTOS/portable/port.o
                0x080024b4                vPortEnterCritical
 .text.vPortExitCritical
                0x080024e8       0x34 ./FreeRTOS/portable/port.o
                0x080024e8                vPortExitCritical
 .text.PendSV_Handler
                0x0800251c       0x60 ./FreeRTOS/portable/port.o
                0x0800251c                PendSV_Handler
 .text.SysTick_Handler
                0x0800257c       0x44 ./FreeRTOS/portable/port.o
                0x0800257c                SysTick_Handler
 .text.vPortSetupTimerInterrupt
                0x080025c0       0x34 ./FreeRTOS/portable/port.o
                0x080025c0                vPortSetupTimerInterrupt
 .text.vPortEnableVFP
                0x080025f4       0x18 ./FreeRTOS/portable/port.o
 .text.FPU_Init
                0x0800260c       0x20 ./Src/fpu_init.o
                0x0800260c                FPU_Init
 .text.HCSR04_Init
                0x0800262c      0x118 ./Src/hcsr04.o
                0x0800262c                HCSR04_Init
 .text.Trig_Set
                0x08002744       0x4c ./Src/hcsr04.o
                0x08002744                Trig_Set
 .text.vSensorTask
                0x08002790       0x54 ./Src/main.o
                0x08002790                vSensorTask
 .text.main     0x080027e4       0x50 ./Src/main.o
                0x080027e4                main
 .text.EXTI1_IRQHandler
                0x08002834       0x84 ./Src/main.o
                0x08002834                EXTI1_IRQHandler
 .text.Reset_Handler
                0x080028b8       0x50 ./Startup/startup_stm32f401retx.o
                0x080028b8                Reset_Handler
 .text.Default_Handler
                0x08002908        0x2 ./Startup/startup_stm32f401retx.o
                0x08002908                EXTI2_IRQHandler
                0x08002908                DebugMon_Handler
                0x08002908                SPI4_IRQHandler
                0x08002908                TIM1_CC_IRQHandler
                0x08002908                DMA2_Stream5_IRQHandler
                0x08002908                HardFault_Handler
                0x08002908                DMA1_Stream5_IRQHandler
                0x08002908                SDIO_IRQHandler
                0x08002908                TAMP_STAMP_IRQHandler
                0x08002908                NMI_Handler
                0x08002908                EXTI3_IRQHandler
                0x08002908                TIM1_UP_TIM10_IRQHandler
                0x08002908                I2C3_ER_IRQHandler
                0x08002908                EXTI18_OTG_FS_WKUP_IRQHandler
                0x08002908                EXTI0_IRQHandler
                0x08002908                I2C2_EV_IRQHandler
                0x08002908                DMA1_Stream2_IRQHandler
                0x08002908                UsageFault_Handler
                0x08002908                DMA2_Stream2_IRQHandler
                0x08002908                SPI1_IRQHandler
                0x08002908                TIM1_BRK_TIM9_IRQHandler
                0x08002908                DMA2_Stream3_IRQHandler
                0x08002908                USART6_IRQHandler
                0x08002908                DMA2_Stream0_IRQHandler
                0x08002908                TIM4_IRQHandler
                0x08002908                I2C1_EV_IRQHandler
                0x08002908                DMA1_Stream6_IRQHandler
                0x08002908                DMA1_Stream1_IRQHandler
                0x08002908                TIM3_IRQHandler
                0x08002908                RCC_IRQHandler
                0x08002908                Default_Handler
                0x08002908                EXTI15_10_IRQHandler
                0x08002908                ADC_IRQHandler
                0x08002908                DMA1_Stream7_IRQHandler
                0x08002908                TIM5_IRQHandler
                0x08002908                DMA2_Stream7_IRQHandler
                0x08002908                I2C3_EV_IRQHandler
                0x08002908                EXTI9_5_IRQHandler
                0x08002908                SPI2_IRQHandler
                0x08002908                MemManage_Handler
                0x08002908                DMA1_Stream0_IRQHandler
                0x08002908                EXTI4_IRQHandler
                0x08002908                EXTI22_RTC_WKUP_IRQHandler
                0x08002908                TIM2_IRQHandler
                0x08002908                EXTI16_PVD_IRQHandler
                0x08002908                TIM1_TRG_COM_TIM11_IRQHandler
                0x08002908                EXTI17_RTC_Alarm_IRQHandler
                0x08002908                USART2_IRQHandler
                0x08002908                I2C2_ER_IRQHandler
                0x08002908                DMA2_Stream1_IRQHandler
                0x08002908                FLASH_IRQHandler
                0x08002908                DMA2_Stream4_IRQHandler
                0x08002908                BusFault_Handler
                0x08002908                USART1_IRQHandler
                0x08002908                OTG_FS_IRQHandler
                0x08002908                SPI3_IRQHandler
                0x08002908                DMA1_Stream4_IRQHandler
                0x08002908                I2C1_ER_IRQHandler
                0x08002908                DMA2_Stream6_IRQHandler
                0x08002908                DMA1_Stream3_IRQHandler
 .text.memset   0x0800290a       0x10 C:/ST/STM32CubeIDE_2.0.0/STM32CubeIDE/plugins/com.st.stm32cube.ide.mcu.externaltools.gnu-tools-for-stm32.14.3.rel1.win32_1.0.100.202602081740/tools/bin/../lib/gcc/arm-none-eabi/14.3.1/../../../../arm-none-eabi/lib/thumb/v7e-m+fp/hard\libc_nano.a(libc_a-memset.o)
                0x0800290a                memset
 *fill*         0x0800291a        0x2 
 .text.__libc_init_array
                0x0800291c       0x48 C:/ST/STM32CubeIDE_2.0.0/STM32CubeIDE/plugins/com.st.stm32cube.ide.mcu.externaltools.gnu-tools-for-stm32.14.3.rel1.win32_1.0.100.202602081740/tools/bin/../lib/gcc/arm-none-eabi/14.3.1/../../../../arm-none-eabi/lib/thumb/v7e-m+fp/hard\libc_nano.a(libc_a-init.o)
                0x0800291c                __libc_init_array
 .text.memcpy   0x08002964       0x1c C:/ST/STM32CubeIDE_2.0.0/STM32CubeIDE/plugins/com.st.stm32cube.ide.mcu.externaltools.gnu-tools-for-stm32.14.3.rel1.win32_1.0.100.202602081740/tools/bin/../lib/gcc/arm-none-eabi/14.3.1/../../../../arm-none-eabi/lib/thumb/v7e-m+fp/hard\libc_nano.a(libc_a-memcpy-stub.o)
                0x08002964                memcpy
 *(.glue_7)
 .glue_7        0x08002980        0x0 linker stubs
 *(.glue_7t)
 .glue_7t       0x08002980        0x0 linker stubs
 *(.eh_frame)
 .eh_frame      0x08002980        0x0 C:/ST/STM32CubeIDE_2.0.0/STM32CubeIDE/plugins/com.st.stm32cube.ide.mcu.externaltools.gnu-tools-for-stm32.14.3.rel1.win32_1.0.100.202602081740/tools/bin/../lib/gcc/arm-none-eabi/14.3.1/thumb/v7e-m+fp/hard/crtbegin.o
 *(.init)
 .init          0x08002980        0x4 C:/ST/STM32CubeIDE_2.0.0/STM32CubeIDE/plugins/com.st.stm32cube.ide.mcu.externaltools.gnu-tools-for-stm32.14.3.rel1.win32_1.0.100.202602081740/tools/bin/../lib/gcc/arm-none-eabi/14.3.1/thumb/v7e-m+fp/hard/crti.o
                0x08002980                _init
 .init          0x08002984        0x8 C:/ST/STM32CubeIDE_2.0.0/STM32CubeIDE/plugins/com.st.stm32cube.ide.mcu.externaltools.gnu-tools-for-stm32.14.3.rel1.win32_1.0.100.202602081740/tools/bin/../lib/gcc/arm-none-eabi/14.3.1/thumb/v7e-m+fp/hard/crtn.o
 *(.fini)
 .fini          0x0800298c        0x4 C:/ST/STM32CubeIDE_2.0.0/STM32CubeIDE/plugins/com.st.stm32cube.ide.mcu.externaltools.gnu-tools-for-stm32.14.3.rel1.win32_1.0.100.202602081740/tools/bin/../lib/gcc/arm-none-eabi/14.3.1/thumb/v7e-m+fp/hard/crti.o
                0x0800298c                _fini
 .fini          0x08002990        0x8 C:/ST/STM32CubeIDE_2.0.0/STM32CubeIDE/plugins/com.st.stm32cube.ide.mcu.externaltools.gnu-tools-for-stm32.14.3.rel1.win32_1.0.100.202602081740/tools/bin/../lib/gcc/arm-none-eabi/14.3.1/thumb/v7e-m+fp/hard/crtn.o
                0x08002998                        . = ALIGN (0x4)
                0x08002998                        _etext = .

.vfp11_veneer   0x08002998        0x0
 .vfp11_veneer  0x08002998        0x0 linker stubs

.v4_bx          0x08002998        0x0
 .v4_bx         0x08002998        0x0 linker stubs

.iplt           0x08002998        0x0
 .iplt          0x08002998        0x0 C:/ST/STM32CubeIDE_2.0.0/STM32CubeIDE/plugins/com.st.stm32cube.ide.mcu.externaltools.gnu-tools-for-stm32.14.3.rel1.win32_1.0.100.202602081740/tools/bin/../lib/gcc/arm-none-eabi/14.3.1/thumb/v7e-m+fp/hard/crtbegin.o

.rodata         0x08002998       0x24
                0x08002998                        . = ALIGN (0x4)
 *(.rodata)
 .rodata        0x08002998        0x5 ./FreeRTOS/tasks.o
 *fill*         0x0800299d        0x3 
 .rodata        0x080029a0        0xd ./FreeRTOS/timers.o
 *fill*         0x080029ad        0x3 
 .rodata        0x080029b0        0x7 ./Src/main.o
 *(.rodata*)
 *fill*         0x080029b7        0x1 
 .rodata.uxTopUsedPriority
                0x080029b8        0x4 ./FreeRTOS/tasks.o
                0x080029bc                        . = ALIGN (0x4)

.ARM.extab      0x080029bc        0x0
                0x080029bc                        . = ALIGN (0x4)
 *(.ARM.extab* .gnu.linkonce.armextab.*)
                0x080029bc                        . = ALIGN (0x4)

.ARM            0x080029bc        0x0
                0x080029bc                        . = ALIGN (0x4)
                0x080029bc                        __exidx_start = .
 *(.ARM.exidx*)
                0x080029bc                        __exidx_end = .
                0x080029bc                        . = ALIGN (0x4)

.preinit_array  0x080029bc        0x0
                0x080029bc                        . = ALIGN (0x4)
                0x080029bc                        PROVIDE (__preinit_array_start = .)
 *(.preinit_array*)
                0x080029bc                        PROVIDE (__preinit_array_end = .)
                0x080029bc                        . = ALIGN (0x4)

.init_array     0x080029bc        0x4
                0x080029bc                        . = ALIGN (0x4)
                0x080029bc                        PROVIDE (__init_array_start = .)
 *(SORT_BY_NAME(.init_array.*))
 *(.init_array*)
 .init_array    0x080029bc        0x4 C:/ST/STM32CubeIDE_2.0.0/STM32CubeIDE/plugins/com.st.stm32cube.ide.mcu.externaltools.gnu-tools-for-stm32.14.3.rel1.win32_1.0.100.202602081740/tools/bin/../lib/gcc/arm-none-eabi/14.3.1/thumb/v7e-m+fp/hard/crtbegin.o
                0x080029c0                        PROVIDE (__init_array_end = .)
                0x080029c0                        . = ALIGN (0x4)

.fini_array     0x080029c0        0x4
                0x080029c0                        . = ALIGN (0x4)
                [!provide]                        PROVIDE (__fini_array_start = .)
 *(SORT_BY_NAME(.fini_array.*))
 *(.fini_array*)
 .fini_array    0x080029c0        0x4 C:/ST/STM32CubeIDE_2.0.0/STM32CubeIDE/plugins/com.st.stm32cube.ide.mcu.externaltools.gnu-tools-for-stm32.14.3.rel1.win32_1.0.100.202602081740/tools/bin/../lib/gcc/arm-none-eabi/14.3.1/thumb/v7e-m+fp/hard/crtbegin.o
                [!provide]                        PROVIDE (__fini_array_end = .)
                0x080029c4                        . = ALIGN (0x4)
                0x080029c4                        _sidata = LOADADDR (.data)

.rel.dyn        0x080029c4        0x0
 .rel.iplt      0x080029c4        0x0 C:/ST/STM32CubeIDE_2.0.0/STM32CubeIDE/plugins/com.st.stm32cube.ide.mcu.externaltools.gnu-tools-for-stm32.14.3.rel1.win32_1.0.100.202602081740/tools/bin/../lib/gcc/arm-none-eabi/14.3.1/thumb/v7e-m+fp/hard/crtbegin.o

.data           0x20000000        0x4 load address 0x080029c4
                0x20000000                        . = ALIGN (0x4)
                0x20000000                        _sdata = .
 *(.data)
 *(.data*)
 .data.uxCriticalNesting
                0x20000000        0x4 ./FreeRTOS/portable/port.o
 *(.RamFunc)
 *(.RamFunc*)
                0x20000004                        . = ALIGN (0x4)
                0x20000004                        _edata = .

.igot.plt       0x20000004        0x0 load address 0x080029c8
 .igot.plt      0x20000004        0x0 C:/ST/STM32CubeIDE_2.0.0/STM32CubeIDE/plugins/com.st.stm32cube.ide.mcu.externaltools.gnu-tools-for-stm32.14.3.rel1.win32_1.0.100.202602081740/tools/bin/../lib/gcc/arm-none-eabi/14.3.1/thumb/v7e-m+fp/hard/crtbegin.o
                0x20000004                        . = ALIGN (0x4)

.bss            0x20000004     0x29c4 load address 0x080029c8
                0x20000004                        _sbss = .
                0x20000004                        __bss_start__ = _sbss
 *(.bss)
 .bss           0x20000004       0x1c C:/ST/STM32CubeIDE_2.0.0/STM32CubeIDE/plugins/com.st.stm32cube.ide.mcu.externaltools.gnu-tools-for-stm32.14.3.rel1.win32_1.0.100.202602081740/tools/bin/../lib/gcc/arm-none-eabi/14.3.1/thumb/v7e-m+fp/hard/crtbegin.o
 *(.bss*)
 .bss.xQueueRegistry
                0x20000020       0x40 ./FreeRTOS/queue.o
                0x20000020                xQueueRegistry
 .bss.pxCurrentTCB
                0x20000060        0x4 ./FreeRTOS/tasks.o
                0x20000060                pxCurrentTCB
 .bss.pxReadyTasksLists
                0x20000064       0x64 ./FreeRTOS/tasks.o
 .bss.xDelayedTaskList1
                0x200000c8       0x14 ./FreeRTOS/tasks.o
 .bss.xDelayedTaskList2
                0x200000dc       0x14 ./FreeRTOS/tasks.o
 .bss.pxDelayedTaskList
                0x200000f0        0x4 ./FreeRTOS/tasks.o
 .bss.pxOverflowDelayedTaskList
                0x200000f4        0x4 ./FreeRTOS/tasks.o
 .bss.xPendingReadyList
                0x200000f8       0x14 ./FreeRTOS/tasks.o
 .bss.xTasksWaitingTermination
                0x2000010c       0x14 ./FreeRTOS/tasks.o
 .bss.uxDeletedTasksWaitingCleanUp
                0x20000120        0x4 ./FreeRTOS/tasks.o
 .bss.xSuspendedTaskList
                0x20000124       0x14 ./FreeRTOS/tasks.o
 .bss.uxCurrentNumberOfTasks
                0x20000138        0x4 ./FreeRTOS/tasks.o
 .bss.xTickCount
                0x2000013c        0x4 ./FreeRTOS/tasks.o
 .bss.uxTopReadyPriority
                0x20000140        0x4 ./FreeRTOS/tasks.o
 .bss.xSchedulerRunning
                0x20000144        0x4 ./FreeRTOS/tasks.o
 .bss.xPendedTicks
                0x20000148        0x4 ./FreeRTOS/tasks.o
 .bss.xYieldPendings
                0x2000014c        0x4 ./FreeRTOS/tasks.o
 .bss.xNumOfOverflows
                0x20000150        0x4 ./FreeRTOS/tasks.o
 .bss.uxTaskNumber
                0x20000154        0x4 ./FreeRTOS/tasks.o
 .bss.xNextTaskUnblockTime
                0x20000158        0x4 ./FreeRTOS/tasks.o
 .bss.xIdleTaskHandles
                0x2000015c        0x4 ./FreeRTOS/tasks.o
 .bss.uxSchedulerSuspended
                0x20000160        0x4 ./FreeRTOS/tasks.o
 .bss.xActiveTimerList1
                0x20000164       0x14 ./FreeRTOS/timers.o
 .bss.xActiveTimerList2
                0x20000178       0x14 ./FreeRTOS/timers.o
 .bss.pxCurrentTimerList
                0x2000018c        0x4 ./FreeRTOS/timers.o
 .bss.pxOverflowTimerList
                0x20000190        0x4 ./FreeRTOS/timers.o
 .bss.xTimerQueue
                0x20000194        0x4 ./FreeRTOS/timers.o
 .bss.xTimerTaskHandle
                0x20000198        0x4 ./FreeRTOS/timers.o
 .bss.xLastTime.0
                0x2000019c        0x4 ./FreeRTOS/timers.o
 .bss.ucHeap    0x200001a0     0x2800 ./FreeRTOS/portable/heap_4.o
 .bss.xStart    0x200029a0        0x8 ./FreeRTOS/portable/heap_4.o
 .bss.pxEnd     0x200029a8        0x4 ./FreeRTOS/portable/heap_4.o
 .bss.xFreeBytesRemaining
                0x200029ac        0x4 ./FreeRTOS/portable/heap_4.o
 .bss.xMinimumEverFreeBytesRemaining
                0x200029b0        0x4 ./FreeRTOS/portable/heap_4.o
 .bss.xNumberOfSuccessfulAllocations
                0x200029b4        0x4 ./FreeRTOS/portable/heap_4.o
 .bss.xNumberOfSuccessfulFrees
                0x200029b8        0x4 ./FreeRTOS/portable/heap_4.o
 .bss.EchoSemaphore
                0x200029bc        0x4 ./Src/main.o
                0x200029bc                EchoSemaphore
 .bss.pulse_width
                0x200029c0        0x4 ./Src/main.o
                0x200029c0                pulse_width
 .bss.filtered_distance
                0x200029c4        0x4 ./Src/main.o
                0x200029c4                filtered_distance
 *(COMMON)
                0x200029c8                        . = ALIGN (0x4)
                0x200029c8                        _ebss = .
                0x200029c8                        __bss_end__ = _ebss

._user_heap_stack
                0x200029c8      0x600 load address 0x080029c8
                0x200029c8                        . = ALIGN (0x8)
                [!provide]                        PROVIDE (end = .)
                0x200029c8                        PROVIDE (_end = .)
                0x20002bc8                        . = (. + _Min_Heap_Size)
 *fill*         0x200029c8      0x200 
                0x20002fc8                        . = (. + _Min_Stack_Size)
 *fill*         0x20002bc8      0x400 
                0x20002fc8                        . = ALIGN (0x8)

/DISCARD/
 libc.a(*)
 libm.a(*)
 libgcc.a(*)

.ARM.attributes
                0x00000000       0x30
 *(.ARM.attributes)
 .ARM.attributes
                0x00000000       0x22 C:/ST/STM32CubeIDE_2.0.0/STM32CubeIDE/plugins/com.st.stm32cube.ide.mcu.externaltools.gnu-tools-for-stm32.14.3.rel1.win32_1.0.100.202602081740/tools/bin/../lib/gcc/arm-none-eabi/14.3.1/thumb/v7e-m+fp/hard/crti.o
 .ARM.attributes
                0x00000022       0x34 C:/ST/STM32CubeIDE_2.0.0/STM32CubeIDE/plugins/com.st.stm32cube.ide.mcu.externaltools.gnu-tools-for-stm32.14.3.rel1.win32_1.0.100.202602081740/tools/bin/../lib/gcc/arm-none-eabi/14.3.1/thumb/v7e-m+fp/hard/crtbegin.o
 .ARM.attributes
                0x00000056       0x34 ./FreeRTOS/list.o
 .ARM.attributes
                0x0000008a       0x34 ./FreeRTOS/queue.o
 .ARM.attributes
                0x000000be       0x34 ./FreeRTOS/tasks.o
 .ARM.attributes
                0x000000f2       0x34 ./FreeRTOS/timers.o
 .ARM.attributes
                0x00000126       0x34 ./FreeRTOS/portable/heap_4.o
 .ARM.attributes
                0x0000015a       0x34 ./FreeRTOS/portable/port.o
 .ARM.attributes
                0x0000018e       0x34 ./Src/fpu_init.o
 .ARM.attributes
                0x000001c2       0x34 ./Src/hcsr04.o
 .ARM.attributes
                0x000001f6       0x34 ./Src/main.o
 .ARM.attributes
                0x0000022a       0x21 ./Startup/startup_stm32f401retx.o
 .ARM.attributes
                0x0000024b       0x34 C:/ST/STM32CubeIDE_2.0.0/STM32CubeIDE/plugins/com.st.stm32cube.ide.mcu.externaltools.gnu-tools-for-stm32.14.3.rel1.win32_1.0.100.202602081740/tools/bin/../lib/gcc/arm-none-eabi/14.3.1/../../../../arm-none-eabi/lib/thumb/v7e-m+fp/hard\libc_nano.a(libc_a-memset.o)
 .ARM.attributes
                0x0000027f       0x34 C:/ST/STM32CubeIDE_2.0.0/STM32CubeIDE/plugins/com.st.stm32cube.ide.mcu.externaltools.gnu-tools-for-stm32.14.3.rel1.win32_1.0.100.202602081740/tools/bin/../lib/gcc/arm-none-eabi/14.3.1/../../../../arm-none-eabi/lib/thumb/v7e-m+fp/hard\libc_nano.a(libc_a-init.o)
 .ARM.attributes
                0x000002b3       0x34 C:/ST/STM32CubeIDE_2.0.0/STM32CubeIDE/plugins/com.st.stm32cube.ide.mcu.externaltools.gnu-tools-for-stm32.14.3.rel1.win32_1.0.100.202602081740/tools/bin/../lib/gcc/arm-none-eabi/14.3.1/../../../../arm-none-eabi/lib/thumb/v7e-m+fp/hard\libc_nano.a(libc_a-memcpy-stub.o)
 .ARM.attributes
                0x000002e7       0x22 C:/ST/STM32CubeIDE_2.0.0/STM32CubeIDE/plugins/com.st.stm32cube.ide.mcu.externaltools.gnu-tools-for-stm32.14.3.rel1.win32_1.0.100.202602081740/tools/bin/../lib/gcc/arm-none-eabi/14.3.1/thumb/v7e-m+fp/hard/crtn.o
OUTPUT(FreeRTOS-hcsr04.elf elf32-littlearm)
LOAD linker stubs
LOAD C:/ST/STM32CubeIDE_2.0.0/STM32CubeIDE/plugins/com.st.stm32cube.ide.mcu.externaltools.gnu-tools-for-stm32.14.3.rel1.win32_1.0.100.202602081740/tools/bin/../lib/gcc/arm-none-eabi/14.3.1/../../../../arm-none-eabi/lib/thumb/v7e-m+fp/hard\libc.a
LOAD C:/ST/STM32CubeIDE_2.0.0/STM32CubeIDE/plugins/com.st.stm32cube.ide.mcu.externaltools.gnu-tools-for-stm32.14.3.rel1.win32_1.0.100.202602081740/tools/bin/../lib/gcc/arm-none-eabi/14.3.1/../../../../arm-none-eabi/lib/thumb/v7e-m+fp/hard\libm.a
LOAD C:/ST/STM32CubeIDE_2.0.0/STM32CubeIDE/plugins/com.st.stm32cube.ide.mcu.externaltools.gnu-tools-for-stm32.14.3.rel1.win32_1.0.100.202602081740/tools/bin/../lib/gcc/arm-none-eabi/14.3.1/thumb/v7e-m+fp/hard\libgcc.a

.debug_info     0x00000000     0x4dcc
 .debug_info    0x00000000      0x2aa ./FreeRTOS/list.o
 .debug_info    0x000002aa     0x1257 ./FreeRTOS/queue.o
 .debug_info    0x00001501     0x1f61 ./FreeRTOS/tasks.o
 .debug_info    0x00003462      0xce5 ./FreeRTOS/timers.o
 .debug_info    0x00004147      0x4bc ./FreeRTOS/portable/heap_4.o
 .debug_info    0x00004603      0x32b ./FreeRTOS/portable/port.o
 .debug_info    0x0000492e       0x9b ./Src/fpu_init.o
 .debug_info    0x000049c9       0xe8 ./Src/hcsr04.o
 .debug_info    0x00004ab1      0x2eb ./Src/main.o
 .debug_info    0x00004d9c       0x30 ./Startup/startup_stm32f401retx.o

.debug_abbrev   0x00000000     0x10b4
 .debug_abbrev  0x00000000       0xee ./FreeRTOS/list.o
 .debug_abbrev  0x000000ee      0x313 ./FreeRTOS/queue.o
 .debug_abbrev  0x00000401      0x38c ./FreeRTOS/tasks.o
 .debug_abbrev  0x0000078d      0x2a0 ./FreeRTOS/timers.o
 .debug_abbrev  0x00000a2d      0x1f5 ./FreeRTOS/portable/heap_4.o
 .debug_abbrev  0x00000c22      0x21f ./FreeRTOS/portable/port.o
 .debug_abbrev  0x00000e41       0x54 ./Src/fpu_init.o
 .debug_abbrev  0x00000e95       0x91 ./Src/hcsr04.o
 .debug_abbrev  0x00000f26      0x16a ./Src/main.o
 .debug_abbrev  0x00001090       0x24 ./Startup/startup_stm32f401retx.o

.debug_aranges  0x00000000      0x5d0
 .debug_aranges
                0x00000000       0x40 ./FreeRTOS/list.o
 .debug_aranges
                0x00000040      0x110 ./FreeRTOS/queue.o
 .debug_aranges
                0x00000150      0x210 ./FreeRTOS/tasks.o
 .debug_aranges
                0x00000360       0xe8 ./FreeRTOS/timers.o
 .debug_aranges
                0x00000448       0x70 ./FreeRTOS/portable/heap_4.o
 .debug_aranges
                0x000004b8       0x78 ./FreeRTOS/portable/port.o
 .debug_aranges
                0x00000530       0x20 ./Src/fpu_init.o
 .debug_aranges
                0x00000550       0x28 ./Src/hcsr04.o
 .debug_aranges
                0x00000578       0x30 ./Src/main.o
 .debug_aranges
                0x000005a8       0x28 ./Startup/startup_stm32f401retx.o

.debug_rnglists
                0x00000000      0x467
 .debug_rnglists
                0x00000000       0x2b ./FreeRTOS/list.o
 .debug_rnglists
                0x0000002b       0xd2 ./FreeRTOS/queue.o
 .debug_rnglists
                0x000000fd      0x1b0 ./FreeRTOS/tasks.o
 .debug_rnglists
                0x000002ad       0xac ./FreeRTOS/timers.o
 .debug_rnglists
                0x00000359       0x53 ./FreeRTOS/portable/heap_4.o
 .debug_rnglists
                0x000003ac       0x55 ./FreeRTOS/portable/port.o
 .debug_rnglists
                0x00000401       0x13 ./Src/fpu_init.o
 .debug_rnglists
                0x00000414       0x1a ./Src/hcsr04.o
 .debug_rnglists
                0x0000042e       0x20 ./Src/main.o
 .debug_rnglists
                0x0000044e       0x19 ./Startup/startup_stm32f401retx.o

.debug_macro    0x00000000     0x1149
 .debug_macro   0x00000000      0x1a2 ./FreeRTOS/list.o
 .debug_macro   0x000001a2      0x239 ./FreeRTOS/queue.o
 .debug_macro   0x000003db       0x16 ./FreeRTOS/queue.o
 .debug_macro   0x000003f1       0x3c ./FreeRTOS/queue.o
 .debug_macro   0x0000042d       0x20 ./FreeRTOS/queue.o
 .debug_macro   0x0000044d       0x80 ./FreeRTOS/queue.o
 .debug_macro   0x000004cd      0x2cd ./FreeRTOS/tasks.o
 .debug_macro   0x0000079a       0x17 ./FreeRTOS/tasks.o
 .debug_macro   0x000007b1      0x1f1 ./FreeRTOS/timers.o
 .debug_macro   0x000009a2       0x9e ./FreeRTOS/timers.o
 .debug_macro   0x00000a40      0x237 ./FreeRTOS/portable/heap_4.o
 .debug_macro   0x00000c77      0x1cf ./FreeRTOS/portable/port.o
 .debug_macro   0x00000e46       0x6c ./Src/fpu_init.o
 .debug_macro   0x00000eb2       0x10 ./Src/fpu_init.o
 .debug_macro   0x00000ec2       0x6c ./Src/hcsr04.o
 .debug_macro   0x00000f2e       0xa6 ./Src/hcsr04.o
 .debug_macro   0x00000fd4      0x113 ./Src/main.o
 .debug_macro   0x000010e7       0x62 ./Src/main.o

.debug_line     0x00000000     0x5fe3
 .debug_line    0x00000000      0x79a ./FreeRTOS/list.o
 .debug_line    0x0000079a     0x112b ./FreeRTOS/queue.o
 .debug_line    0x000018c5     0x1a78 ./FreeRTOS/tasks.o
 .debug_line    0x0000333d      0xc0e ./FreeRTOS/timers.o
 .debug_line    0x00003f4b      0x9f8 ./FreeRTOS/portable/heap_4.o
 .debug_line    0x00004943      0x732 ./FreeRTOS/portable/port.o
 .debug_line    0x00005075      0x424 ./Src/fpu_init.o
 .debug_line    0x00005499      0x4cd ./Src/hcsr04.o
 .debug_line    0x00005966      0x602 ./Src/main.o
 .debug_line    0x00005f68       0x7b ./Startup/startup_stm32f401retx.o

.debug_str      0x00000000    0x16dc2
 .debug_str     0x00000000    0x16dc2 ./FreeRTOS/list.o
                              0x1074f (size before relaxing)
 .debug_str     0x00016dc2    0x12ff4 ./FreeRTOS/queue.o
 .debug_str     0x00016dc2    0x13e9c ./FreeRTOS/tasks.o
 .debug_str     0x00016dc2    0x13373 ./FreeRTOS/timers.o
 .debug_str     0x00016dc2    0x1232d ./FreeRTOS/portable/heap_4.o
 .debug_str     0x00016dc2     0xf1c6 ./FreeRTOS/portable/port.o
 .debug_str     0x00016dc2     0x3dfe ./Src/fpu_init.o
 .debug_str     0x00016dc2     0x42bb ./Src/hcsr04.o
 .debug_str     0x00016dc2     0xfc59 ./Src/main.o
 .debug_str     0x00016dc2       0x7f ./Startup/startup_stm32f401retx.o

.comment        0x00000000       0x43
 .comment       0x00000000       0x43 ./FreeRTOS/list.o
                                 0x44 (size before relaxing)
 .comment       0x00000043       0x44 ./FreeRTOS/queue.o
 .comment       0x00000043       0x44 ./FreeRTOS/tasks.o
 .comment       0x00000043       0x44 ./FreeRTOS/timers.o
 .comment       0x00000043       0x44 ./FreeRTOS/portable/heap_4.o
 .comment       0x00000043       0x44 ./FreeRTOS/portable/port.o
 .comment       0x00000043       0x44 ./Src/fpu_init.o
 .comment       0x00000043       0x44 ./Src/hcsr04.o
 .comment       0x00000043       0x44 ./Src/main.o

.debug_frame    0x00000000     0x15d0
 .debug_frame   0x00000000       0xc4 ./FreeRTOS/list.o
 .debug_frame   0x000000c4      0x46c ./FreeRTOS/queue.o
 .debug_frame   0x00000530      0x8cc ./FreeRTOS/tasks.o
 .debug_frame   0x00000dfc      0x39c ./FreeRTOS/timers.o
 .debug_frame   0x00001198      0x174 ./FreeRTOS/portable/heap_4.o
 .debug_frame   0x0000130c      0x160 ./FreeRTOS/portable/port.o
 .debug_frame   0x0000146c       0x2c ./Src/fpu_init.o
 .debug_frame   0x00001498       0x50 ./Src/hcsr04.o
 .debug_frame   0x000014e8       0x74 ./Src/main.o
 .debug_frame   0x0000155c       0x20 C:/ST/STM32CubeIDE_2.0.0/STM32CubeIDE/plugins/com.st.stm32cube.ide.mcu.externaltools.gnu-tools-for-stm32.14.3.rel1.win32_1.0.100.202602081740/tools/bin/../lib/gcc/arm-none-eabi/14.3.1/../../../../arm-none-eabi/lib/thumb/v7e-m+fp/hard\libc_nano.a(libc_a-memset.o)
 .debug_frame   0x0000157c       0x2c C:/ST/STM32CubeIDE_2.0.0/STM32CubeIDE/plugins/com.st.stm32cube.ide.mcu.externaltools.gnu-tools-for-stm32.14.3.rel1.win32_1.0.100.202602081740/tools/bin/../lib/gcc/arm-none-eabi/14.3.1/../../../../arm-none-eabi/lib/thumb/v7e-m+fp/hard\libc_nano.a(libc_a-init.o)
 .debug_frame   0x000015a8       0x28 C:/ST/STM32CubeIDE_2.0.0/STM32CubeIDE/plugins/com.st.stm32cube.ide.mcu.externaltools.gnu-tools-for-stm32.14.3.rel1.win32_1.0.100.202602081740/tools/bin/../lib/gcc/arm-none-eabi/14.3.1/../../../../arm-none-eabi/lib/thumb/v7e-m+fp/hard\libc_nano.a(libc_a-memcpy-stub.o)

.debug_line_str
                0x00000000       0x63
 .debug_line_str
                0x00000000       0x63 ./Startup/startup_stm32f401retx.o
