../FreeRTOS/queue.c:303:12:xQueueGenericReset	24	static,ignoring_inline_asm
../FreeRTOS/queue.c:502:19:xQueueGenericCreate	48	static
../FreeRTOS/queue.c:569:13:prvInitialiseNewQueue	24	static
../FreeRTOS/queue.c:617:17:prvInitialiseMutex	16	static
../FreeRTOS/queue.c:647:19:xQueueCreateMutex	32	static
../FreeRTOS/queue.c:949:12:xQueueGenericSend	48	static,ignoring_inline_asm
../FreeRTOS/queue.c:1167:12:xQueueGenericSendFromISR	64	static,ignoring_inline_asm
../FreeRTOS/queue.c:1338:12:xQueueGiveFromISR	56	static,ignoring_inline_asm
../FreeRTOS/queue.c:1509:12:xQueueReceive	48	static,ignoring_inline_asm
../FreeRTOS/queue.c:1659:12:xQueueSemaphoreTake	48	static,ignoring_inline_asm
../FreeRTOS/queue.c:1884:12:xQueuePeek	48	static,ignoring_inline_asm
../FreeRTOS/queue.c:2039:12:xQueueReceiveFromISR	64	static,ignoring_inline_asm
../FreeRTOS/queue.c:2139:12:xQueuePeekFromISR	48	static,ignoring_inline_asm
../FreeRTOS/queue.c:2200:13:uxQueueMessagesWaiting	24	static
../FreeRTOS/queue.c:2220:13:uxQueueSpacesAvailable	24	static
../FreeRTOS/queue.c:2241:13:uxQueueMessagesWaitingFromISR	24	static
../FreeRTOS/queue.c:2257:6:vQueueDelete	24	static
../FreeRTOS/queue.c:2346:13:uxQueueGetQueueItemSize	16	static
../FreeRTOS/queue.c:2356:13:uxQueueGetQueueLength	16	static
../FreeRTOS/queue.c:2368:24:prvGetHighestPriorityOfWaitToReceiveList	24	static
../FreeRTOS/queue.c:2393:19:prvCopyDataToQueue	32	static
../FreeRTOS/queue.c:2476:13:prvCopyDataFromQueue	16	static
../FreeRTOS/queue.c:2497:13:prvUnlockQueue	24	static
../FreeRTOS/queue.c:2617:19:prvIsQueueEmpty	24	static
../FreeRTOS/queue.c:2638:12:xQueueIsQueueEmptyFromISR	24	static
../FreeRTOS/queue.c:2662:19:prvIsQueueFull	24	static
../FreeRTOS/queue.c:2683:12:xQueueIsQueueFullFromISR	24	static
../FreeRTOS/queue.c:3012:10:vQueueAddToRegistry	24	static
../FreeRTOS/queue.c:3063:18:pcQueueGetName	24	static
../FreeRTOS/queue.c:3098:10:vQueueUnregisterQueue	24	static
../FreeRTOS/queue.c:3135:10:vQueueWaitForMessageRestricted	32	static
