../FreeRTOS/stream_buffer.c:331:26:xStreamBufferGenericCreate	48	static
../FreeRTOS/stream_buffer.c:557:6:vStreamBufferDelete	24	static
../FreeRTOS/stream_buffer.c:594:12:xStreamBufferReset	56	static
../FreeRTOS/stream_buffer.c:655:12:xStreamBufferResetFromISR	72	static,ignoring_inline_asm
../FreeRTOS/stream_buffer.c:720:12:xStreamBufferSetTriggerLevel	24	static
../FreeRTOS/stream_buffer.c:754:8:xStreamBufferSpacesAvailable	32	static
../FreeRTOS/stream_buffer.c:791:8:xStreamBufferBytesAvailable	24	static
../FreeRTOS/stream_buffer.c:808:8:xStreamBufferSend	64	static
../FreeRTOS/stream_buffer.c:943:8:xStreamBufferSendFromISR	64	static,ignoring_inline_asm
../FreeRTOS/stream_buffer.c:1003:15:prvWriteMessageToBuffer	32	static
../FreeRTOS/stream_buffer.c:1056:8:xStreamBufferReceive	48	static
../FreeRTOS/stream_buffer.c:1172:8:xStreamBufferNextMessageLengthBytes	32	static
../FreeRTOS/stream_buffer.c:1216:8:xStreamBufferReceiveFromISR	64	static,ignoring_inline_asm
../FreeRTOS/stream_buffer.c:1279:15:prvReadMessageFromBuffer	40	static
../FreeRTOS/stream_buffer.c:1334:12:xStreamBufferIsEmpty	32	static
../FreeRTOS/stream_buffer.c:1362:12:xStreamBufferIsFull	32	static
../FreeRTOS/stream_buffer.c:1401:12:xStreamBufferSendCompletedFromISR	48	static,ignoring_inline_asm
../FreeRTOS/stream_buffer.c:1440:12:xStreamBufferReceiveCompletedFromISR	48	static,ignoring_inline_asm
../FreeRTOS/stream_buffer.c:1479:15:prvWriteBytesToBuffer	32	static
../FreeRTOS/stream_buffer.c:1525:15:prvReadBytesFromBuffer	32	static
../FreeRTOS/stream_buffer.c:1569:15:prvBytesInBuffer	24	static
../FreeRTOS/stream_buffer.c:1590:13:prvInitialiseNewStreamBuffer	24	static
../FreeRTOS/stream_buffer.c:1638:13:uxStreamBufferGetStreamBufferNotificationIndex	24	static
../FreeRTOS/stream_buffer.c:1652:6:vStreamBufferSetStreamBufferNotificationIndex	24	static
