../FreeRTOS/tasks.c:1643:20:prvCreateTask	48	static
../FreeRTOS/tasks.c:1741:16:xTaskCreate	40	static
../FreeRTOS/tasks.c:1816:13:prvInitialiseNewTask	32	static
../FreeRTOS/tasks.c:2052:17:prvAddNewTaskToReadyList	24	static,ignoring_inline_asm
../FreeRTOS/tasks.c:2224:10:vTaskDelete	32	static,ignoring_inline_asm
../FreeRTOS/tasks.c:2377:16:xTaskDelayUntil	32	static,ignoring_inline_asm
../FreeRTOS/tasks.c:2469:10:vTaskDelay	24	static,ignoring_inline_asm
../FreeRTOS/tasks.c:2651:17:uxTaskPriorityGet	24	static
../FreeRTOS/tasks.c:2679:17:uxTaskPriorityGetFromISR	40	static,ignoring_inline_asm
../FreeRTOS/tasks.c:2729:17:uxTaskBasePriorityGet	24	static
../FreeRTOS/tasks.c:2757:17:uxTaskBasePriorityGetFromISR	40	static,ignoring_inline_asm
../FreeRTOS/tasks.c:2807:10:vTaskPrioritySet	40	static,ignoring_inline_asm
../FreeRTOS/tasks.c:3160:10:vTaskSuspend	32	static,ignoring_inline_asm
../FreeRTOS/tasks.c:3323:23:prvTaskIsTaskSuspended	32	static
../FreeRTOS/tasks.c:3393:10:vTaskResume	24	static,ignoring_inline_asm
../FreeRTOS/tasks.c:3454:16:xTaskResumeFromISR	48	static,ignoring_inline_asm
../FreeRTOS/tasks.c:3551:19:prvCreateIdleTasks	48	static
../FreeRTOS/tasks.c:3700:6:vTaskStartScheduler	16	static,ignoring_inline_asm
../FreeRTOS/tasks.c:3805:6:vTaskEndScheduler	16	static,ignoring_inline_asm
../FreeRTOS/tasks.c:3848:6:vTaskSuspendAll	4	static,ignoring_inline_asm
../FreeRTOS/tasks.c:4022:12:xTaskResumeAll	40	static,ignoring_inline_asm
../FreeRTOS/tasks.c:4171:12:xTaskGetTickCount	16	static
../FreeRTOS/tasks.c:4190:12:xTaskGetTickCountFromISR	16	static
../FreeRTOS/tasks.c:4225:13:uxTaskGetNumberOfTasks	4	static
../FreeRTOS/tasks.c:4237:8:pcTaskGetName	24	static
../FreeRTOS/tasks.c:4612:12:xTaskCatchUpTicks	24	static
../FreeRTOS/tasks.c:4736:12:xTaskIncrementTick	40	static
../FreeRTOS/tasks.c:5120:10:vTaskSwitchContext	16	static
../FreeRTOS/tasks.c:5307:6:vTaskPlaceOnEventList	16	static
../FreeRTOS/tasks.c:5336:6:vTaskPlaceOnUnorderedEventList	32	static
../FreeRTOS/tasks.c:5368:10:vTaskPlaceOnEventListRestricted	32	static
../FreeRTOS/tasks.c:5405:12:xTaskRemoveFromEventList	40	static
../FreeRTOS/tasks.c:5498:6:vTaskRemoveFromUnorderedEventList	32	static
../FreeRTOS/tasks.c:5570:6:vTaskSetTimeOutState	16	static
../FreeRTOS/tasks.c:5586:6:vTaskInternalSetTimeOutState	16	static
../FreeRTOS/tasks.c:5598:12:xTaskCheckForTimeOut	32	static
../FreeRTOS/tasks.c:5667:6:vTaskMissedYield	4	static
../FreeRTOS/tasks.c:5812:8:prvIdleTask	16	static,ignoring_inline_asm
../FreeRTOS/tasks.c:6003:10:vTaskSetThreadLocalStoragePointer	32	static
../FreeRTOS/tasks.c:6027:12:pvTaskGetThreadLocalStoragePointer	24	static
../FreeRTOS/tasks.c:6078:13:prvInitialiseTaskLists	16	static
../FreeRTOS/tasks.c:6110:13:prvCheckTasksWaitingTermination	16	static
../FreeRTOS/tasks.c:6375:35:prvTaskCheckFreeStackSpace	24	static
../FreeRTOS/tasks.c:6440:17:uxTaskGetStackHighWaterMark	32	static
../FreeRTOS/tasks.c:6473:17:prvDeleteTCB	16	static
../FreeRTOS/tasks.c:6526:13:prvResetNextTaskUnblockTime	4	static
../FreeRTOS/tasks.c:6550:22:xTaskGetCurrentTaskHandle	16	static
../FreeRTOS/tasks.c:6585:18:xTaskGetCurrentTaskHandleForCore	24	static
../FreeRTOS/tasks.c:6610:16:xTaskGetSchedulerState	16	static
../FreeRTOS/tasks.c:6650:16:xTaskPriorityInherit	32	static
../FreeRTOS/tasks.c:6753:16:xTaskPriorityDisinherit	32	static
../FreeRTOS/tasks.c:6847:10:vTaskPriorityDisinheritAfterTimeout	40	static
../FreeRTOS/tasks.c:7657:12:uxTaskResetEventItemValue	16	static
../FreeRTOS/tasks.c:7677:18:pvTaskIncrementMutexHeldCount	16	static
../FreeRTOS/tasks.c:7702:14:ulTaskGenericNotifyTake	40	static,ignoring_inline_asm
../FreeRTOS/tasks.c:7804:16:xTaskGenericNotifyWait	40	static,ignoring_inline_asm
../FreeRTOS/tasks.c:7918:16:xTaskGenericNotify	48	static,ignoring_inline_asm
../FreeRTOS/tasks.c:8038:16:xTaskGenericNotifyFromISR	64	static,ignoring_inline_asm
../FreeRTOS/tasks.c:8220:10:vTaskGenericNotifyGiveFromISR	64	static,ignoring_inline_asm
../FreeRTOS/tasks.c:8352:16:xTaskGenericNotifyStateClear	24	static
../FreeRTOS/tasks.c:8391:14:ulTaskGenericNotifyValueClear	32	static
../FreeRTOS/tasks.c:8590:13:prvAddCurrentTaskToDelayedList	40	static
../FreeRTOS/tasks.c:8821:6:vTaskResetState	16	static
